This file contains any messages produced by compilers while
running CMake, to aid debugging if configure makes a mistake.

It was created by jrl-cmakemodules CMake configuration process 1.1.0, which was
generated by CMake 3.31.6.

## --------- ##
## Platform. ##
## --------- ##

hostname = runnervmwhb2z
system = Linux-6.11.0-1018-azure
processor = x86_64
generator = Unix Makefiles

PATH /snap/bin
PATH /home/runner/.local/bin
PATH /opt/pipx_bin
PATH /home/runner/.cargo/bin
PATH /home/runner/.config/composer/vendor/bin
PATH /usr/local/.ghcup/bin
PATH /home/runner/.dotnet/tools
PATH /usr/local/sbin
PATH /usr/local/bin
PATH /usr/sbin
PATH /usr/bin
PATH /sbin
PATH /bin
PATH /usr/games
PATH /usr/local/games
PATH /snap/bin

PKG_CONFIG_PATH undefined

## ---------------- ##
## CMake variables. ##
## ---------------- ##

CMAKE_ROOT = /usr/local/share/cmake-3.31
CMAKE_INCLUDE_PATH = 
CMAKE_LIBRARY_PATH = 
CMAKE_PREFIX_PATH = 
CMAKE_INSTALL_ALWAYS = 
CMAKE_SKIP_RPATH = NO
CMAKE_SUPPRESS_REGENERATION = 
BUILD_SHARED_LIBS = 

CMAKE_INSTALL_PREFIX = /usr/local
PROJECT_SOURCE_DIR = /home/runner/work/jrl-cmakemodules/jrl-cmakemodules
PROJECT_SOURCE_DIR = /home/runner/work/jrl-cmakemodules/jrl-cmakemodules
PROJECT_BINARY_DIR = /home/runner/work/jrl-cmakemodules/jrl-cmakemodules/build
CMAKE_BINARY_DIR = /home/runner/work/jrl-cmakemodules/jrl-cmakemodules/build

CMAKE_AR = /usr/bin/ar
CMAKE_RANLIB = /usr/bin/ranlib
CMAKE_BUILD_TYPE = 
CMAKE_CONFIGURATION_TYPES = 
CMAKE_SHARED_LINKER_FLAGS = 

CMAKE_C_COMPILER = 
CMAKE_C_FLAGS = 
CMAKE_C_FLAGS_DEBUG = 
CMAKE_C_FLAGS_RELEASE = 
CMAKE_CXX_COMPILER = /usr/bin/c++
CMAKE_CXX_FLAGS = -pedantic -Wno-long-long -Wall -Wextra -Wcast-align -Wcast-qual -Wformat -Wwrite-strings -Wconversion 
CMAKE_CXX_FLAGS_DEBUG = -g
CMAKE_CXX_FLAGS_RELEASE = -O3 -DNDEBUG
CMAKE_CXX_FLAGS_RELWITHDEBINFO = -O2 -g -DNDEBUG

CMAKE_STATIC_LIBRARY_PREFIX = lib
CMAKE_STATIC_LIBRARY_SUFFIX = .a
CMAKE_SHARED_LIBRARY_PREFIX = lib
CMAKE_SHARED_LIBRARY_SUFFIX = .so
CMAKE_SHARED_MODULE_PREFIX = lib
CMAKE_SHARED_MODULE_SUFFIX = .so

## ------------------ ##
## Watched variables. ##
## ------------------ ##

WARNING_CXX_FLAGS = -pedantic -Wno-long-long -Wall -Wextra -Wcast-align -Wcast-qual -Wformat -Wwrite-strings -Wconversion
_PKG_CONFIG_FOUND = undefined
PKG_CONFIG_EXECUTABLE = /usr/bin/pkg-config
_PKG_CONFIG_PREFIX = ${pcfiledir}/../..
_PKG_CONFIG_EXEC_PREFIX = ${pcfiledir}/../..
_PKG_CONFIG_LIBDIR = ${pcfiledir}/../../lib
_PKG_CONFIG_BINDIR = ${pcfiledir}/../../bin
_PKG_CONFIG_PKGLIBDIR = ${pcfiledir}/../../lib/jrl-cmakemodules
_PKG_CONFIG_INCLUDEDIR = ${pcfiledir}/../../include
_PKG_CONFIG_DATAROOTDIR = ${pcfiledir}/../../share
_PKG_CONFIG_PKGDATAROOTDIR = ${pcfiledir}/../../share
_PKG_CONFIG_DOCDIR = ${pcfiledir}/../../share/doc/jrl-cmakemodules
_PKG_CONFIG_DOXYGENDOCDIR = ${pcfiledir}/../../share/doc/jrl-cmakemodules/doxygen-html
_PKG_CONFIG_PROJECT_NAME = jrl-cmakemodules
_PKG_CONFIG_DESCRIPTION = CMake utility toolbox
_PKG_CONFIG_URL = http://github.com/jrl-umi3218/jrl-cmakemodules
_PKG_CONFIG_VERSION = 1.1.0
_PKG_CONFIG_REQUIRES = 
_PKG_CONFIG_REQUIRES_DEBUG = 
_PKG_CONFIG_REQUIRES_OPTIMIZED = 
_PKG_CONFIG_COMPILE_TIME_REQUIRES = 
_PKG_CONFIG_CONFLICTS = 
_PKG_CONFIG_LIBS = 
_PKG_CONFIG_LIBS_DEBUG = -L${libdir}
_PKG_CONFIG_LIBS_OPTIMIZED = -L${libdir}
_PKG_CONFIG_LIBS_PRIVATE = 
_PKG_CONFIG_CFLAGS = -I${includedir}
_PKG_CONFIG_CFLAGS_DEBUG = 
_PKG_CONFIG_CFLAGS_OPTIMIZED = 
_PKG_CONFIG_FILENAME = jrl-cmakemodules.pc
PKG_CONFIG_EXTRA = 
## ---------------- ##
## Watched targets. ##
## ---------------- ##

